cargo :    Compiling omics-simd v0.1.0 (D:\Omnics-X)
At line:1 char:1
+ cargo test --lib 2>&1 | tee test_output.txt
+ ~~~~~~~~~~~~~~~~~~~~~
    + CategoryInfo          : NotSpecified: (   Compiling om...0 (D:\Omnics-X) 
   :String) [], RemoteException
    + FullyQualifiedErrorId : NativeCommandError
 
warning: unnecessary parentheses around function argument
   --> src\futures\hmm.rs:145:33
    |
145 |                 emissions: vec![(-5.0f32); 24], // uniform log 
probabilities
    |                                 ^       ^
    |
    = note: `#[warn(unused_parens)]` (part of `#[warn(unused)]`) on by default
help: remove these parentheses
    |
145 -                 emissions: vec![(-5.0f32); 24], // uniform log 
probabilities
145 +                 emissions: vec![-5.0f32; 24], // uniform log 
probabilities
    |

warning: unused import: `crate::scoring::ScoringMatrix`
  --> src\futures\msa.rs:32:5
   |
32 | use crate::scoring::ScoringMatrix;
   |     ^^^^^^^^^^^^^^^^^^^^^^^^^^^^^
   |
   = note: `#[warn(unused_imports)]` (part of `#[warn(unused)]`) on by default

warning: unused import: `crate::error::Result as CrateResult`
  --> src\futures\msa.rs:33:5
   |
33 | use crate::error::Result as CrateResult;
   |     ^^^^^^^^^^^^^^^^^^^^^^^^^^^^^^^^^^^

error[E0614]: type `char` cannot be dereferenced
   --> src\futures\msa.rs:160:36
    |
160 |                     consensus.push(**aa);
    |                                    ^^^^ can't be dereferenced

warning: unused variable: `hip_devices`
   --> src\futures\gpu.rs:369:13
    |
369 |         let hip_devices: Vec<_> = devices.iter()
    |             ^^^^^^^^^^^ help: if this is intentional, prefix it with an 
underscore: `_hip_devices`
    |
    = note: `#[warn(unused_variables)]` (part of `#[warn(unused)]`) on by 
default

warning: variable `gap_count` is assigned to, but never used
   --> src\futures\hmm.rs:116:17
    |
116 |             let mut gap_count = 0.0f32;
    |                 ^^^^^^^^^^^^^
    |
    = note: consider using `_gap_count` instead

warning: value assigned to `gap_count` is never read
   --> src\futures\hmm.rs:124:29
    |
124 | ...                   gap_count += 1.0;
    |                       ^^^^^^^^^^^^^^^^
    |
    = help: maybe it is overwritten before being read?
    = note: `#[warn(unused_assignments)]` (part of `#[warn(unused)]`) on by 
default

warning: unused variable: `old_len`
   --> src\futures\msa.rs:278:13
    |
278 |         let old_len = dist_matrix.len();
    |             ^^^^^^^ help: if this is intentional, prefix it with an 
underscore: `_old_len`

warning: unused variable: `max_pos`
   --> src\futures\msa.rs:309:13
    |
309 |         let max_pos = profile.pssm.iter()
    |             ^^^^^^^ help: if this is intentional, prefix it with an 
underscore: `_max_pos`

error[E0382]: borrow of moved value: `scores`
   --> src\futures\msa.rs:512:17
    |
503 |         let scores = result.unwrap();
    |             ------ move occurs because `scores` has type `Vec<f32>`, 
which does not implement the `Copy` trait
...
507 |         for score in scores {
    |                      ------ `scores` moved due to this implicit call to 
`.into_iter()`
...
512 |         assert!(scores[0] > 0.5);
    |                 ^^^^^^ value borrowed here after move
    |
note: `std::iter::IntoIterator::into_iter` takes ownership of the receiver 
`self`, which moves `scores`
   --> /rustc/e408947bfd200af42db322daf0fadfe7e26d3bd1/library\core\src\iter\tr
aits\collect.rs:310:17
help: consider iterating over a slice of the `Vec<f32>`'s content to avoid 
moving into the `for` loop
    |
507 |         for score in &scores {
    |                      +

warning: unused variable: `replicates`
   --> src\futures\phylogeny.rs:218:33
    |
218 |     pub fn bootstrap(&mut self, replicates: usize) -> Result<&mut Self, 
PhylogenyError> {
    |                                 ^^^^^^^^^^ help: if this is intentional, 
prefix it with an underscore: `_replicates`

warning: unused variable: `new_node_id`
   --> src\futures\phylogeny.rs:367:13
    |
367 |         let new_node_id = next_id;
    |             ^^^^^^^^^^^ help: if this is intentional, prefix it with an 
underscore: `_new_node_id`

warning: unused variable: `new_node_id`
   --> src\futures\phylogeny.rs:500:13
    |
500 |         let new_node_id = next_id;
    |             ^^^^^^^^^^^ help: if this is intentional, prefix it with an 
underscore: `_new_node_id`

Some errors have detailed explanations: E0382, E0614.
For more information about an error, try `rustc --explain E0382`.
warning: `omics-simd` (lib test) generated 11 warnings
error: could not compile `omics-simd` (lib test) due to 2 previous errors; 11 
warnings emitted
